[kannikaenlinea.weebly.com/index.html]
[backblue.gif]
[fade.gif]
[index.html]
[kannikaenlinea.weebly.com/uploads/5/0/1/5/50158331/mapofcompsci_orig.png]
[cdn2.editmysite.com/css/sitesdf65.css]
[cdn2.editmysite.com/css/old/fancybox4e0b.css]
[cdn2.editmysite.com/css/social-icons3d3a.css]
[kannikaenlinea.weebly.com/files/main_style21ca.css]
[kannikaenlinea.weebly.com/files/templateArtifacts21ca.js]
[ajax.googleapis.com/ajax/libs/jquery/1.8.3/jquery.min.js]
[cdn2.editmysite.com/js/lang/en/stl3db6.js]
[www.google.com/recaptcha/api.js]
[static.zotabox.com/6/9/6972ea4fe8e76a20caa3b853ee786fd5/widgets.js]
[kannikaenlinea.weebly.com/topics.html]
[kannikaenlinea.weebly.com/algorithms-i.html]
[kannikaenlinea.weebly.com/algorithms-ii.html]
[cdn2.editmysite.com/images/site/footer/footer-toast-published-image-1.png]
[cdn2.editmysite.com/js/site/footerSignupdf65.js]
[cdn2.editmysite.com/js/site/maindf65.js]
[kannikaenlinea.weebly.com/files/theme/plugins72c5.js]
[kannikaenlinea.weebly.com/files/theme/custom72c5.js]
[kannikaenlinea.weebly.com/index.html]
[cdn2.editmysite.com/js/wsnbn/snowday262.js]
[cdn2.editmysite.com/js/site/main-customer-accounts-sitedf65.js]
[cdn2.editmysite.com/images/util/videojs/white-bar.png]
[cdn2.editmysite.com/images/util/videojs/@2x/white-bar.png]
[cdn2.editmysite.com/images/util/videojs/gradient.png]
[cdn2.editmysite.com/images/util/videojs/@2x/gradient.png]
[cdn2.editmysite.com/sprites/util/videojs-sacae758aa2.png]
[cdn2.editmysite.com/sprites/util/videojs/@2x-s2aff7e7d9a.png]
[cdn2.editmysite.com/images/util/videojs/volume-filled.png]
[cdn2.editmysite.com/images/util/videojs/@2x/volume-filled.png]
[cdn2.editmysite.com/images/util/videojs/volume-mute.png]
[cdn2.editmysite.com/images/util/videojs/@2x/volume-mute.png]
[cdn2.editmysite.com/images/util/videojs/blue-bar.png]
[cdn2.editmysite.com/images/util/videojs/@2x/blue-bar.png]
[cdn2.editmysite.com/images/util/videojs/maximize-icon.png]
[cdn2.editmysite.com/images/util/videojs/@2x/maximize-icon.png]
[cdn2.editmysite.com/images/util/videojs/minimize-icon.png]
[cdn2.editmysite.com/images/util/videojs/@2x/minimize-icon.png]
[cdn2.editmysite.com/images/util/videojs/play-icon.png]
[cdn2.editmysite.com/images/util/videojs/@2x/play-icon.png]
[cdn2.editmysite.com/images/util/videojs/sad-face.png]
[cdn2.editmysite.com/images/util/videojs/@2x/sad-face.png]
[cdn2.editmysite.com/images/util/videojs/loading-icon.png]
[cdn2.editmysite.com/images/util/videojs/@2x/loading-icon.png]
[cdn2.editmysite.com/images/common/buttons/small_grey.png]
[cdn2.editmysite.com/images/common/buttons/small_blue.png]
[cdn2.editmysite.com/images/old/button/large_grey.png]
[cdn2.editmysite.com/images/common/buttons/large_blue.png]
[cdn2.editmysite.com/images/common/search-light.png]
[cdn2.editmysite.com/images/common/social_icons.png]
[cdn2.editmysite.com/images/common/blog/blog-comment-button.png]
[cdn2.editmysite.com/images/common/blog/blog-comment-header.png]
[cdn2.editmysite.com/images/common/blog/blog-comment-pointer.png]
[cdn2.editmysite.com/images/common/blog/blog-comment-link.png]
[cdn2.editmysite.com/images/common/blog/blog-comment-header-author.png]
[cdn2.editmysite.com/images/common/blog/blog-comment-pointer-author.png]
[cdn2.editmysite.com/images/common/blog/blog-comment-field-bg.png]
[cdn2.editmysite.com/images/common/blog/dark-blog-comment-header.png]
[cdn2.editmysite.com/images/common/blog/dark-blog-comment-pointer.png]
[cdn2.editmysite.com/images/common/blog/dark-blog-comment-header-author.png]
[cdn2.editmysite.com/images/common/blog/dark-blog-comment-pointer-author.png]
[cdn2.editmysite.com/images/common/blog/dark-blog-comment-link.png]
[cdn2.editmysite.com/images/util/general/blank.gif]
[cdn2.editmysite.com/images/common/lightbox/prevlabel.gif]
[cdn2.editmysite.com/images/common/lightbox/nextlabel.gif]
[cdn2.editmysite.com/sprites/util/inputs/checkmarkBox-s7868418152.png]
[cdn2.editmysite.com/sprites/util/inputs/checkmarkBox/@2x-s211a47d318.png]
[cdn2.editmysite.com/images/util/inputs/search-input-bg.jpg]
[cdn2.editmysite.com/images/common/magnifying-glass.png]
[cdn2.editmysite.com/images/common/checkmarks/checkmark-mini.png]
[cdn2.editmysite.com/images/common/checkmarks/@2x/checkmark-mini.png]
[cdn2.editmysite.com/images/common/search-pagination-bg.png]
[cdn2.editmysite.com/images/util/general/top-triangle-000.png]
[cdn2.editmysite.com/images/util/general/bottom-triangle-000.png]
[cdn2.editmysite.com/images/util/general/top-triangle-000@2x.png]
[cdn2.editmysite.com/images/util/general/bottom-triangle-000@2x.png]
[cdn2.editmysite.com/sprites/common/social-icons-s5ea5500bdb.png]
[cdn2.editmysite.com/sprites/common/social-icons/@2x-s0ae7d70c70.png]
[cdn2.editmysite.com/sprites/site/mini-cart-s86c48effae.png]
[cdn2.editmysite.com/sprites/site/mini-cart/@2x-s576cbc3f90.png]
[cdn2.editmysite.com/images/loading.gif]
[cdn2.editmysite.com/sprites/site/mobile/commerce-sdf6d4e852c.png]
[cdn2.editmysite.com/sprites/site/mobile/commerce/@2x-s82f968c453.png]
[cdn2.editmysite.com/images/site/checkout/paypal.png]
[cdn2.editmysite.com/images/site/checkout/@2x/paypal.png]
[cdn2.editmysite.com/images/site/checkout/credit-cards.png]
[cdn2.editmysite.com/images/site/checkout/@2x/credit-cards.png]
[cdn2.editmysite.com/images/site/checkout/print.png]
[cdn2.editmysite.com/images/site/checkout/print@2x.png]
[cdn2.editmysite.com/images/vendor/select2/select2.png]
[cdn2.editmysite.com/images/vendor/select2/select2-spinner.gif]
[cdn2.editmysite.com/images/vendor/select2/select2x2.png]
[cdn2.editmysite.com/images/util/spinner/spinner-dark.png]
[cdn2.editmysite.com/images/util/spinner/spinner-light.png]
[cdn2.editmysite.com/images/util/loading-white-w24.gif]
[cdn2.editmysite.com/images/common/form_input_bg.gif]
[cdn2.editmysite.com/sprites/site/forms-s3786257308.png]
[cdn2.editmysite.com/sprites/site/forms/@2x-s47607b315a.png]
[cdn2.editmysite.com/images/blank.gif]
[cdn2.editmysite.com/images/old/photoswipe/loader.gif]
[cdn2.editmysite.com/images/old/photoswipe/error.gif]
[cdn2.editmysite.com/images/old/photoswipe/icons.png]
[cdn2.editmysite.com/images/old/photoswipe/icons@2x.png]
[cdn2.editmysite.com/css/sitesdf65.css]
[cdn2.editmysite.com/images/old/fancybox/fancybox_sprite.png]
[cdn2.editmysite.com/images/old/fancybox/fancybox_loading.gif]
[cdn2.editmysite.com/images/old/fancybox/blank.gif]
[cdn2.editmysite.com/images/old/fancybox/fancybox_overlay.png]
[cdn2.editmysite.com/css/old/fancybox4e0b.css]
[cdn2.editmysite.com/css/social-icons3d3a.css]
[kannikaenlinea.weebly.com/files/theme/fonts/17c55b27-e9ab-43cd-b948-d49f97480d68d41d.eot]
[kannikaenlinea.weebly.com/files/theme/fonts/2e3f5cb9-101f-46cf-a7b3-dfaa58261e0321ca.woff2]
[kannikaenlinea.weebly.com/files/theme/fonts/fa19948e-5e38-4909-b31e-41acd170d6f221ca.woff]
[kannikaenlinea.weebly.com/files/theme/fonts/6de0ce4d-9278-467b-b96f-c1f5f0a4c37521ca.ttf]
[kannikaenlinea.weebly.com/files/theme/fonts/9fd4ea0c-b19a-4b21-9fdf-37045707dd78.svg]
[kannikaenlinea.weebly.com/files/theme/fonts/8b498c39-fabe-4789-bb81-5e37c9ecddd3d41d.eot]
[kannikaenlinea.weebly.com/files/theme/fonts/1c6c1881-23c9-4d6a-a018-759d1c9ded1521ca.woff2]
[kannikaenlinea.weebly.com/files/theme/fonts/f0d655c5-a88a-49ad-bb29-f3b5cca4173121ca.woff]
[kannikaenlinea.weebly.com/files/theme/fonts/3a561c83-40d4-4868-8255-e8455eb009c421ca.ttf]
[kannikaenlinea.weebly.com/files/theme/fonts/3966f856-9dcf-48e7-88e7-7400f1b7d619.svg]
[kannikaenlinea.weebly.com/files/theme/fonts/e9167238-3b3f-4813-a04a-a384394eed42d41d.eot]
[kannikaenlinea.weebly.com/files/theme/fonts/2cd55546-ec00-4af9-aeca-4a3cd186da5321ca.woff2]
[kannikaenlinea.weebly.com/files/theme/fonts/1e9892c0-6927-4412-9874-1b82801ba47a21ca.woff]
[kannikaenlinea.weebly.com/files/theme/fonts/46cf1067-688d-4aab-b0f7-bd942af6efd821ca.ttf]
[kannikaenlinea.weebly.com/files/theme/fonts/52a192b1-bea5-4b48-879f-107f009b666f.svg]
[kannikaenlinea.weebly.com/files/theme/fonts/d1fddef1-d940-4904-8f6c-17e809462301d41d.eot]
[kannikaenlinea.weebly.com/files/theme/fonts/7377dbe6-f11a-4a05-b33c-bc8ce1f60f8421ca.woff2]
[kannikaenlinea.weebly.com/files/theme/fonts/92b66dbd-4201-4ac2-a605-4d4ffc8705cc21ca.woff]
[kannikaenlinea.weebly.com/files/theme/fonts/18839597-afa8-4f0b-9abb-4a30262d0da821ca.ttf]
[kannikaenlinea.weebly.com/files/theme/fonts/1de7e6f4-9d4d-47e7-ab23-7d5cf10ab585.svg]
[kannikaenlinea.weebly.com/files/theme/fonts/1a7c9181-cd24-4943-a9d9-d033189524e0d41d.eot]
[kannikaenlinea.weebly.com/files/theme/fonts/627fbb5a-3bae-4cd9-b617-2f923e29d55e21ca.woff2]
[kannikaenlinea.weebly.com/files/theme/fonts/f26faddb-86cc-4477-a253-1e128768433621ca.woff]
[kannikaenlinea.weebly.com/files/theme/fonts/63a74598-733c-4d0c-bd91-b01bffcd6e6921ca.ttf]
[kannikaenlinea.weebly.com/files/theme/fonts/a89d6ad1-a04f-4a8f-b140-e55478dbea80.svg]
[kannikaenlinea.weebly.com/files/theme/fonts/77a9cdce-ea6a-4f94-95df-e6a54555545ed41d.eot]
[kannikaenlinea.weebly.com/files/theme/fonts/3f380a53-50ea-4a62-95c5-d5d8dba03ab821ca.woff2]
[kannikaenlinea.weebly.com/files/theme/fonts/8344e877-560d-44d4-82eb-9822766676f921ca.woff]
[kannikaenlinea.weebly.com/files/theme/fonts/b28b01d9-78c5-46c6-a30d-9a62c8f407c521ca.ttf]
[kannikaenlinea.weebly.com/files/theme/fonts/ed4d3c45-af64-4992-974b-c37cd12a9570.svg]
[kannikaenlinea.weebly.com/files/theme/images/default-bg21ca.jpg]
[kannikaenlinea.weebly.com/files/main_style21ca.css]
[kannikaenlinea.weebly.com/files/templateArtifacts21ca.js]
[cdn2.editmysite.com/images/site/footer/og-image-placeholder-blank.png]
[kannikaenlinea.weebly.com/computer-hardware.html]
[kannikaenlinea.weebly.com/computer-organization.html]
[kannikaenlinea.weebly.com/computer-architecture.html]
[kannikaenlinea.weebly.com/coding-in-assembly.html]
[kannikaenlinea.weebly.com/assembly-projects.html]
[kannikaenlinea.weebly.com/operating-system-i.html]
[kannikaenlinea.weebly.com/operating-system-ii.html]
[kannikaenlinea.weebly.com/os-projects.html]
[kannikaenlinea.weebly.com/topics.html]
[kannikaenlinea.weebly.com/data-structures.html]
[kannikaenlinea.weebly.com/uploads/5/0/1/5/50158331/screenshot-2022-07-11-161044_orig.png]
[kannikaenlinea.weebly.com/uploads/5/0/1/5/50158331/screenshot-2022-07-11-163608_orig.png]
[kannikaenlinea.weebly.com/uploads/5/0/1/5/50158331/screenshot-2022-07-11-163639_orig.png]
[kannikaenlinea.weebly.com/uploads/5/0/1/5/50158331/screenshot-2022-07-11-163912_orig.png]
[kannikaenlinea.weebly.com/uploads/5/0/1/5/50158331/tower-of-hanoi-two-disks_orig.gif]
[kannikaenlinea.weebly.com/uploads/5/0/1/5/50158331/editor/divide-and-conquer-introduction3724.jpg]
[kannikaenlinea.weebly.com/uploads/5/0/1/5/50158331/matmul-dac_orig.jpg]
[kannikaenlinea.weebly.com/uploads/5/0/1/5/50158331/published/stressen-matmul1a0f.jpg]
[kannikaenlinea.weebly.com/uploads/5/0/1/5/50158331/published/screen-shot-2022-07-26-at-6-44-20-pmeff3.png]
[kannikaenlinea.weebly.com/uploads/5/0/1/5/50158331/screen-shot-2022-07-26-at-6-50-57-pm_orig.png]
[cdn2.editmysite.com/css/old/slideshow/slideshow4e0b.css]
[cdn2.editmysite.com/js/old/slideshow-jqdf65.js]
[kannikaenlinea.weebly.com/uploads/5/0/1/5/50158331/published/matrixchainmultiplication1243.png]
[kannikaenlinea.weebly.com/algorithms-i.html]
[kannikaenlinea.weebly.com/uploads/5/0/1/5/50158331/screen-shot-2022-07-27-at-7-47-25-pm.png]
[kannikaenlinea.weebly.com/uploads/5/0/1/5/50158331/published/screenshot-2022-08-03-16172839e9.png]
[kannikaenlinea.weebly.com/uploads/5/0/1/5/50158331/published/screenshot-2022-08-03-16200913aa.png]
[kannikaenlinea.weebly.com/uploads/5/0/1/5/50158331/published/screenshot-2022-08-03-1626144bc1.png]
[kannikaenlinea.weebly.com/algorithms-ii.html]
[kannikaenlinea.weebly.com/_/uploads/5/0/1/5/50158331/background-images/384212837.html]
[kannikaenlinea.weebly.com/files/theme/fonts/9fd4ea0c-b19a-4b21-9fdf-37045707dd78.svg]
[kannikaenlinea.weebly.com/files/theme/fonts/3966f856-9dcf-48e7-88e7-7400f1b7d619.svg]
[kannikaenlinea.weebly.com/files/theme/fonts/52a192b1-bea5-4b48-879f-107f009b666f.svg]
[kannikaenlinea.weebly.com/files/theme/fonts/1de7e6f4-9d4d-47e7-ab23-7d5cf10ab585.svg]
[kannikaenlinea.weebly.com/files/theme/fonts/a89d6ad1-a04f-4a8f-b140-e55478dbea80.svg]
[kannikaenlinea.weebly.com/files/theme/fonts/ed4d3c45-af64-4992-974b-c37cd12a9570.svg]
[kannikaenlinea.weebly.com/files/theme/images/select-dropdown21ca.svg]
[kannikaenlinea.weebly.com/_/uploads/5/0/1/5/50158331/background-images/1531120871.html]
[kannikaenlinea.weebly.com/uploads/5/0/1/5/50158331/labelled-hardware.jpg]
[kannikaenlinea.weebly.com/uploads/5/0/1/5/50158331/1200px-types-of-current_orig.jpg]
[kannikaenlinea.weebly.com/uploads/5/0/1/5/50158331/255253378-625559975156962-9185925211279139036-n.png]
[kannikaenlinea.weebly.com/uploads/5/0/1/5/50158331/internal-structure-of-laptop-battery-and-battery-diy.jpg]
[kannikaenlinea.weebly.com/uploads/5/0/1/5/50158331/hdd-details.jpg]
[kannikaenlinea.weebly.com/uploads/5/0/1/5/50158331/hard-drive-guide-ssd-diagram-1.jpg]
[kannikaenlinea.weebly.com/uploads/5/0/1/5/50158331/ram-chart.png]
[kannikaenlinea.weebly.com/uploads/5/0/1/5/50158331/computer-system-memory-hierarchy.jpg]
[kannikaenlinea.weebly.com/uploads/5/0/1/5/50158331/gpu-chip.jpg]
[kannikaenlinea.weebly.com/uploads/5/0/1/5/50158331/labelledpcb.jpg]
[kannikaenlinea.weebly.com/computer-hardware.html]
[kannikaenlinea.weebly.com/uploads/5/0/1/5/50158331/pnp-npn-transistor_orig.png]
[kannikaenlinea.weebly.com/uploads/5/0/1/5/50158331/cpu-microarc_orig.jpg]
[kannikaenlinea.weebly.com/uploads/5/0/1/5/50158331/273572941-2045396112305615-7920059576196049358-n_orig.png]
[kannikaenlinea.weebly.com/uploads/5/0/1/5/50158331/273578820-962913331278839-7890200059681883253-n.png]
[kannikaenlinea.weebly.com/uploads/5/0/1/5/50158331/272614307-538243960790526-3133872579471352729-n.png]
[kannikaenlinea.weebly.com/uploads/5/0/1/5/50158331/267135818-361908832263668-8226581308705941886-n_orig.png]
[kannikaenlinea.weebly.com/uploads/5/0/1/5/50158331/274014166-1764713307223131-5355161851043417016-n_orig.png]
[kannikaenlinea.weebly.com/uploads/5/0/1/5/50158331/272839573-375099934117683-2422661396991770403-n_orig.png]
[kannikaenlinea.weebly.com/uploads/5/0/1/5/50158331/259042097-503152601330087-4706825500168721921-n_orig.png]
[kannikaenlinea.weebly.com/uploads/5/0/1/5/50158331/273726288-1100603967394387-7094434709070107302-n-1.png]
[kannikaenlinea.weebly.com/computer-organization.html]
[kannikaenlinea.weebly.com/uploads/5/0/1/5/50158331/computer-architecture.jpg]
[kannikaenlinea.weebly.com/uploads/5/0/1/5/50158331/machine-cycle.png]
[kannikaenlinea.weebly.com/uploads/5/0/1/5/50158331/published/alu-block4e1d.png]
[kannikaenlinea.weebly.com/uploads/5/0/1/5/50158331/272851315-1259325411226557-3028305253840320441-n.png]
[kannikaenlinea.weebly.com/uploads/5/0/1/5/50158331/isa-700w.jpg]
[kannikaenlinea.weebly.com/uploads/5/0/1/5/50158331/edited/alu-block.png]
[kannikaenlinea.weebly.com/computer-architecture.html]
[kannikaenlinea.weebly.com/uploads/5/0/1/5/50158331/assembly-cheatsheet.jpg]
[kannikaenlinea.weebly.com/uploads/5/0/1/5/50158331/mips-register-convention.jpg]
[kannikaenlinea.weebly.com/coding-in-assembly.html]
[kannikaenlinea.weebly.com/uploads/5/0/1/5/50158331/249280192-962649254369874-4468072640241723621-n_orig.png]
[kannikaenlinea.weebly.com/uploads/5/0/1/5/50158331/272654346-4783317718430363-4586110953069397012-n_orig.png]
[kannikaenlinea.weebly.com/uploads/5/0/1/5/50158331/273597020-644181466800670-5922011676685641183-n_orig.png]
[kannikaenlinea.weebly.com/uploads/5/0/1/5/50158331/273755799-480845340373492-460331442772587552-n_orig.png]
[kannikaenlinea.weebly.com/uploads/5/0/1/5/50158331/273883432-4799017976800965-38376549916325619-n_orig.png]
[kannikaenlinea.weebly.com/uploads/5/0/1/5/50158331/269401491-836441773974011-936246248714838643-n_orig.png]
[kannikaenlinea.weebly.com/uploads/5/0/1/5/50158331/272231307-675008957172999-3489071497131545056-n.png]
[kannikaenlinea.weebly.com/assembly-projects.html]
[kannikaenlinea.weebly.com/uploads/5/0/1/5/50158331/batch-operating-system.jpg]
[kannikaenlinea.weebly.com/uploads/5/0/1/5/50158331/4-01-threaddiagram.jpg]
[kannikaenlinea.weebly.com/uploads/5/0/1/5/50158331/process-state-diagram.jpg]
[kannikaenlinea.weebly.com/operating-system-i.html]
[kannikaenlinea.weebly.com/uploads/5/0/1/5/50158331/mmu_orig.jpg]
[kannikaenlinea.weebly.com/uploads/5/0/1/5/50158331/published/external-fragmentation9173.jpg]
[kannikaenlinea.weebly.com/uploads/5/0/1/5/50158331/internal-fragmentation_orig.jpg]
[kannikaenlinea.weebly.com/uploads/5/0/1/5/50158331/paging_orig.jpg]
[kannikaenlinea.weebly.com/uploads/5/0/1/5/50158331/pgtblent_orig.jpg]
[kannikaenlinea.weebly.com/uploads/5/0/1/5/50158331/pgfault_orig.jpg]
[kannikaenlinea.weebly.com/uploads/5/0/1/5/50158331/segment-map-table_orig.jpg]
[kannikaenlinea.weebly.com/uploads/5/0/1/5/50158331/inode_orig.jpg]
[kannikaenlinea.weebly.com/operating-system-ii.html]
[kannikaenlinea.weebly.com/uploads/5/0/1/5/50158331/275120779-683015099417446-2248520867467180483-n_orig.png]
[kannikaenlinea.weebly.com/uploads/5/0/1/5/50158331/275752206-5080581921999469-2772197795159133071-n.png]
[kannikaenlinea.weebly.com/uploads/5/0/1/5/50158331/published/screen-shot-2022-04-15-at-7-46-52-pm4545.png]
[kannikaenlinea.weebly.com/uploads/5/0/1/5/50158331/cloud-demo1.png]
[kannikaenlinea.weebly.com/uploads/5/0/1/5/50158331/screen-shot-2022-05-09-at-7-37-10-pm_orig.png]
[kannikaenlinea.weebly.com/os-projects.html]
[kannikaenlinea.weebly.com/uploads/5/0/1/5/50158331/datastrucmain1.jpg]
[kannikaenlinea.weebly.com/uploads/5/0/1/5/50158331/dstypes_orig.jpg]
[kannikaenlinea.weebly.com/uploads/5/0/1/5/50158331/ds-time-comp_orig.jpg]
[kannikaenlinea.weebly.com/uploads/5/0/1/5/50158331/published/screen-shot-2022-06-12-at-10-32-25-pm6ec3.png]
[kannikaenlinea.weebly.com/uploads/5/0/1/5/50158331/linkedlist_orig.png]
[kannikaenlinea.weebly.com/uploads/5/0/1/5/50158331/published/stacks9db4.jpg]
[kannikaenlinea.weebly.com/uploads/5/0/1/5/50158331/published/queues6fa2.jpg]
[kannikaenlinea.weebly.com/uploads/5/0/1/5/50158331/screen-shot-2022-05-16-at-7-47-23-am_orig.png]
[kannikaenlinea.weebly.com/uploads/5/0/1/5/50158331/hashchaining.jpg]
[kannikaenlinea.weebly.com/uploads/5/0/1/5/50158331/284212122-435012264788982-1599266614310880519-n_orig.jpg]
[kannikaenlinea.weebly.com/uploads/5/0/1/5/50158331/284092420-562412265286074-3273076060523680383-n_orig.jpg]
[kannikaenlinea.weebly.com/uploads/5/0/1/5/50158331/published/graph-adjacency-matrix37f3.jpg]
[kannikaenlinea.weebly.com/uploads/5/0/1/5/50158331/published/adjlist0f06.jpg]
[kannikaenlinea.weebly.com/uploads/5/0/1/5/50158331/graphs_orig.jpg]
[kannikaenlinea.weebly.com/data-structures.html]
[cdn2.editmysite.com/images/old/slideshow/control_icons.gif]
[cdn2.editmysite.com/images/old/slideshow/header_slideshow_sprites.png]
[cdn2.editmysite.com/images/old/loading.gif]
[cdn2.editmysite.com/images/old/slideshow/header_slideshow_sprites1x.png]
[cdn2.editmysite.com/css/old/slideshow/slideshow4e0b.css]
[kannikaenlinea.weebly.com/_/uploads/5/0/1/5/50158331/background-images/1780990410.html]
[kannikaenlinea.weebly.com/_/uploads/5/0/1/5/50158331/background-images/1262488738.html]
[kannikaenlinea.weebly.com/_/uploads/5/0/1/5/50158331/background-images/1808744607.html]
[kannikaenlinea.weebly.com/_/uploads/5/0/1/5/50158331/background-images/2005703812.html]
[kannikaenlinea.weebly.com/_/uploads/5/0/1/5/50158331/background-images/738888867.html]
[kannikaenlinea.weebly.com/_/uploads/5/0/1/5/50158331/background-images/176012969.html]
[kannikaenlinea.weebly.com/_/uploads/5/0/1/5/50158331/background-images/2112629124.html]
[kannikaenlinea.weebly.com/_/uploads/5/0/1/5/50158331/background-images/131199171.html]
[kannikaenlinea.weebly.com/_/uploads/5/0/1/5/50158331/background-images/375160026.html]
[kannikaenlinea.weebly.com/_/uploads/5/0/1/5/50158331/background-images/96110277.html]
[kannikaenlinea.weebly.com/_/uploads/5/0/1/5/50158331/background-images/1340279059.html]
